// Jest Snapshot v1, https://goo.gl/fbAQLP

exports[`it should parse object 1`] = `
Object {
  "body": Array [
    Object {
      "equals": 2,
      "key": Object {
        "loc": Object {
          "end": Object {
            "column": 1,
            "line": 1,
          },
          "start": Object {
            "column": 0,
            "line": 1,
          },
        },
        "raw": "a",
        "type": "Key",
        "value": Array [
          "a",
        ],
      },
      "loc": Object {
        "end": Object {
          "column": 7,
          "line": 1,
        },
        "start": Object {
          "column": 0,
          "line": 1,
        },
      },
      "type": "KeyValue",
      "value": Object {
        "loc": Object {
          "end": Object {
            "column": 7,
            "line": 1,
          },
          "start": Object {
            "column": 4,
            "line": 1,
          },
        },
        "raw": "\\"1\\"",
        "type": "String",
        "value": "1",
      },
    },
    Object {
      "equals": 2,
      "key": Object {
        "loc": Object {
          "end": Object {
            "column": 1,
            "line": 2,
          },
          "start": Object {
            "column": 0,
            "line": 2,
          },
        },
        "raw": "b",
        "type": "Key",
        "value": Array [
          "b",
        ],
      },
      "loc": Object {
        "end": Object {
          "column": 5,
          "line": 2,
        },
        "start": Object {
          "column": 0,
          "line": 2,
        },
      },
      "type": "KeyValue",
      "value": Object {
        "loc": Object {
          "end": Object {
            "column": 5,
            "line": 2,
          },
          "start": Object {
            "column": 4,
            "line": 2,
          },
        },
        "raw": "2",
        "type": "Integer",
        "value": 2,
      },
    },
    Object {
      "equals": 2,
      "key": Object {
        "loc": Object {
          "end": Object {
            "column": 1,
            "line": 3,
          },
          "start": Object {
            "column": 0,
            "line": 3,
          },
        },
        "raw": "c",
        "type": "Key",
        "value": Array [
          "c",
        ],
      },
      "loc": Object {
        "end": Object {
          "column": 8,
          "line": 3,
        },
        "start": Object {
          "column": 0,
          "line": 3,
        },
      },
      "type": "KeyValue",
      "value": Object {
        "loc": Object {
          "end": Object {
            "column": 8,
            "line": 3,
          },
          "start": Object {
            "column": 4,
            "line": 3,
          },
        },
        "raw": "3.14",
        "type": "Float",
        "value": 3.14,
      },
    },
    Object {
      "equals": 2,
      "key": Object {
        "loc": Object {
          "end": Object {
            "column": 1,
            "line": 4,
          },
          "start": Object {
            "column": 0,
            "line": 4,
          },
        },
        "raw": "d",
        "type": "Key",
        "value": Array [
          "d",
        ],
      },
      "loc": Object {
        "end": Object {
          "column": 8,
          "line": 4,
        },
        "start": Object {
          "column": 0,
          "line": 4,
        },
      },
      "type": "KeyValue",
      "value": Object {
        "loc": Object {
          "end": Object {
            "column": 8,
            "line": 4,
          },
          "start": Object {
            "column": 4,
            "line": 4,
          },
        },
        "type": "Boolean",
        "value": true,
      },
    },
    Object {
      "equals": 2,
      "key": Object {
        "loc": Object {
          "end": Object {
            "column": 1,
            "line": 5,
          },
          "start": Object {
            "column": 0,
            "line": 5,
          },
        },
        "raw": "e",
        "type": "Key",
        "value": Array [
          "e",
        ],
      },
      "loc": Object {
        "end": Object {
          "column": 28,
          "line": 5,
        },
        "start": Object {
          "column": 0,
          "line": 5,
        },
      },
      "type": "KeyValue",
      "value": Object {
        "loc": Object {
          "end": Object {
            "column": 28,
            "line": 5,
          },
          "start": Object {
            "column": 4,
            "line": 5,
          },
        },
        "raw": "1979-05-27T07:32:00.000Z",
        "type": "DateTime",
        "value": 1979-05-27T07:32:00.000Z,
      },
    },
    Object {
      "equals": 2,
      "key": Object {
        "loc": Object {
          "end": Object {
            "column": 1,
            "line": 6,
          },
          "start": Object {
            "column": 0,
            "line": 6,
          },
        },
        "raw": "f",
        "type": "Key",
        "value": Array [
          "f",
        ],
      },
      "loc": Object {
        "end": Object {
          "column": 74,
          "line": 6,
        },
        "start": Object {
          "column": 0,
          "line": 6,
        },
      },
      "type": "KeyValue",
      "value": Object {
        "items": Array [
          Object {
            "comma": true,
            "item": Object {
              "equals": 2,
              "key": Object {
                "loc": Object {
                  "end": Object {
                    "column": 1,
                    "line": 1,
                  },
                  "start": Object {
                    "column": 0,
                    "line": 1,
                  },
                },
                "raw": "g",
                "type": "Key",
                "value": Array [
                  "g",
                ],
              },
              "loc": Object {
                "end": Object {
                  "column": 27,
                  "line": 6,
                },
                "start": Object {
                  "column": 6,
                  "line": 6,
                },
              },
              "type": "KeyValue",
              "value": Object {
                "items": Array [
                  Object {
                    "comma": true,
                    "item": Object {
                      "loc": Object {
                        "end": Object {
                          "column": 9,
                          "line": 1,
                        },
                        "start": Object {
                          "column": 6,
                          "line": 1,
                        },
                      },
                      "raw": "\\"h\\"",
                      "type": "String",
                      "value": "h",
                    },
                    "loc": Object {
                      "end": Object {
                        "column": 9,
                        "line": 1,
                      },
                      "start": Object {
                        "column": 6,
                        "line": 1,
                      },
                    },
                    "type": "InlineArrayItem",
                  },
                  Object {
                    "comma": true,
                    "item": Object {
                      "loc": Object {
                        "end": Object {
                          "column": 14,
                          "line": 1,
                        },
                        "start": Object {
                          "column": 11,
                          "line": 1,
                        },
                      },
                      "raw": "\\"i\\"",
                      "type": "String",
                      "value": "i",
                    },
                    "loc": Object {
                      "end": Object {
                        "column": 14,
                        "line": 1,
                      },
                      "start": Object {
                        "column": 11,
                        "line": 1,
                      },
                    },
                    "type": "InlineArrayItem",
                  },
                  Object {
                    "comma": false,
                    "item": Object {
                      "loc": Object {
                        "end": Object {
                          "column": 19,
                          "line": 1,
                        },
                        "start": Object {
                          "column": 16,
                          "line": 1,
                        },
                      },
                      "raw": "\\"j\\"",
                      "type": "String",
                      "value": "j",
                    },
                    "loc": Object {
                      "end": Object {
                        "column": 19,
                        "line": 1,
                      },
                      "start": Object {
                        "column": 16,
                        "line": 1,
                      },
                    },
                    "type": "InlineArrayItem",
                  },
                ],
                "loc": Object {
                  "end": Object {
                    "column": 21,
                    "line": 1,
                  },
                  "start": Object {
                    "column": 4,
                    "line": 1,
                  },
                },
                "type": "InlineArray",
              },
            },
            "loc": Object {
              "end": Object {
                "column": 27,
                "line": 6,
              },
              "start": Object {
                "column": 6,
                "line": 6,
              },
            },
            "type": "InlineTableItem",
          },
          Object {
            "comma": false,
            "item": Object {
              "equals": 2,
              "key": Object {
                "loc": Object {
                  "end": Object {
                    "column": 1,
                    "line": 2,
                  },
                  "start": Object {
                    "column": 0,
                    "line": 2,
                  },
                },
                "raw": "k",
                "type": "Key",
                "value": Array [
                  "k",
                ],
              },
              "loc": Object {
                "end": Object {
                  "column": 72,
                  "line": 6,
                },
                "start": Object {
                  "column": 29,
                  "line": 6,
                },
              },
              "type": "KeyValue",
              "value": Object {
                "items": Array [
                  Object {
                    "comma": true,
                    "item": Object {
                      "items": Array [
                        Object {
                          "comma": false,
                          "item": Object {
                            "equals": 2,
                            "key": Object {
                              "loc": Object {
                                "end": Object {
                                  "column": 1,
                                  "line": 1,
                                },
                                "start": Object {
                                  "column": 0,
                                  "line": 1,
                                },
                              },
                              "raw": "l",
                              "type": "Key",
                              "value": Array [
                                "l",
                              ],
                            },
                            "loc": Object {
                              "end": Object {
                                "column": 15,
                                "line": 2,
                              },
                              "start": Object {
                                "column": 8,
                                "line": 2,
                              },
                            },
                            "type": "KeyValue",
                            "value": Object {
                              "loc": Object {
                                "end": Object {
                                  "column": 7,
                                  "line": 1,
                                },
                                "start": Object {
                                  "column": 4,
                                  "line": 1,
                                },
                              },
                              "raw": "\\"m\\"",
                              "type": "String",
                              "value": "m",
                            },
                          },
                          "loc": Object {
                            "end": Object {
                              "column": 15,
                              "line": 2,
                            },
                            "start": Object {
                              "column": 8,
                              "line": 2,
                            },
                          },
                          "type": "InlineTableItem",
                        },
                      ],
                      "loc": Object {
                        "end": Object {
                          "column": 17,
                          "line": 2,
                        },
                        "start": Object {
                          "column": 6,
                          "line": 2,
                        },
                      },
                      "type": "InlineTable",
                    },
                    "loc": Object {
                      "end": Object {
                        "column": 17,
                        "line": 2,
                      },
                      "start": Object {
                        "column": 6,
                        "line": 2,
                      },
                    },
                    "type": "InlineArrayItem",
                  },
                  Object {
                    "comma": false,
                    "item": Object {
                      "items": Array [
                        Object {
                          "comma": true,
                          "item": Object {
                            "equals": 2,
                            "key": Object {
                              "loc": Object {
                                "end": Object {
                                  "column": 1,
                                  "line": 1,
                                },
                                "start": Object {
                                  "column": 0,
                                  "line": 1,
                                },
                              },
                              "raw": "n",
                              "type": "Key",
                              "value": Array [
                                "n",
                              ],
                            },
                            "loc": Object {
                              "end": Object {
                                "column": 28,
                                "line": 2,
                              },
                              "start": Object {
                                "column": 21,
                                "line": 2,
                              },
                            },
                            "type": "KeyValue",
                            "value": Object {
                              "loc": Object {
                                "end": Object {
                                  "column": 7,
                                  "line": 1,
                                },
                                "start": Object {
                                  "column": 4,
                                  "line": 1,
                                },
                              },
                              "raw": "\\"o\\"",
                              "type": "String",
                              "value": "o",
                            },
                          },
                          "loc": Object {
                            "end": Object {
                              "column": 28,
                              "line": 2,
                            },
                            "start": Object {
                              "column": 21,
                              "line": 2,
                            },
                          },
                          "type": "InlineTableItem",
                        },
                        Object {
                          "comma": false,
                          "item": Object {
                            "equals": 2,
                            "key": Object {
                              "loc": Object {
                                "end": Object {
                                  "column": 1,
                                  "line": 2,
                                },
                                "start": Object {
                                  "column": 0,
                                  "line": 2,
                                },
                              },
                              "raw": "p",
                              "type": "Key",
                              "value": Array [
                                "p",
                              ],
                            },
                            "loc": Object {
                              "end": Object {
                                "column": 39,
                                "line": 2,
                              },
                              "start": Object {
                                "column": 30,
                                "line": 2,
                              },
                            },
                            "type": "KeyValue",
                            "value": Object {
                              "loc": Object {
                                "end": Object {
                                  "column": 9,
                                  "line": 2,
                                },
                                "start": Object {
                                  "column": 4,
                                  "line": 2,
                                },
                              },
                              "raw": "\\"qrs\\"",
                              "type": "String",
                              "value": "qrs",
                            },
                          },
                          "loc": Object {
                            "end": Object {
                              "column": 39,
                              "line": 2,
                            },
                            "start": Object {
                              "column": 30,
                              "line": 2,
                            },
                          },
                          "type": "InlineTableItem",
                        },
                      ],
                      "loc": Object {
                        "end": Object {
                          "column": 41,
                          "line": 2,
                        },
                        "start": Object {
                          "column": 19,
                          "line": 2,
                        },
                      },
                      "type": "InlineTable",
                    },
                    "loc": Object {
                      "end": Object {
                        "column": 41,
                        "line": 2,
                      },
                      "start": Object {
                        "column": 19,
                        "line": 2,
                      },
                    },
                    "type": "InlineArrayItem",
                  },
                ],
                "loc": Object {
                  "end": Object {
                    "column": 43,
                    "line": 2,
                  },
                  "start": Object {
                    "column": 4,
                    "line": 2,
                  },
                },
                "type": "InlineArray",
              },
            },
            "loc": Object {
              "end": Object {
                "column": 72,
                "line": 6,
              },
              "start": Object {
                "column": 29,
                "line": 6,
              },
            },
            "type": "InlineTableItem",
          },
        ],
        "loc": Object {
          "end": Object {
            "column": 74,
            "line": 6,
          },
          "start": Object {
            "column": 4,
            "line": 6,
          },
        },
        "type": "InlineTable",
      },
    },
  ],
  "loc": Object {
    "end": Object {
      "column": 74,
      "line": 6,
    },
    "start": Object {
      "column": 0,
      "line": 1,
    },
  },
  "type": "Document",
}
`;
