// Jest Snapshot v1, https://goo.gl/fbAQLP

exports[`should tokenize complex input 1`] = `
Array [
  Object {
    "loc": Object {
      "end": Object {
        "column": 26,
        "line": 1,
      },
      "start": Object {
        "column": 0,
        "line": 1,
      },
    },
    "raw": "# This is a TOML document.",
    "token_type": "Comment",
  },
  Object {
    "loc": Object {
      "end": Object {
        "column": 5,
        "line": 3,
      },
      "start": Object {
        "column": 0,
        "line": 3,
      },
    },
    "raw": "title",
    "token_type": "String",
  },
  Object {
    "loc": Object {
      "end": Object {
        "column": 7,
        "line": 3,
      },
      "start": Object {
        "column": 6,
        "line": 3,
      },
    },
    "raw": "=",
    "token_type": "Equal",
  },
  Object {
    "loc": Object {
      "end": Object {
        "column": 22,
        "line": 3,
      },
      "start": Object {
        "column": 8,
        "line": 3,
      },
    },
    "raw": "\\"TOML Example\\"",
    "token_type": "String",
  },
  Object {
    "loc": Object {
      "end": Object {
        "column": 1,
        "line": 5,
      },
      "start": Object {
        "column": 0,
        "line": 5,
      },
    },
    "raw": "[",
    "token_type": "Bracket",
  },
  Object {
    "loc": Object {
      "end": Object {
        "column": 6,
        "line": 5,
      },
      "start": Object {
        "column": 1,
        "line": 5,
      },
    },
    "raw": "owner",
    "token_type": "String",
  },
  Object {
    "loc": Object {
      "end": Object {
        "column": 7,
        "line": 5,
      },
      "start": Object {
        "column": 6,
        "line": 5,
      },
    },
    "raw": "]",
    "token_type": "Bracket",
  },
  Object {
    "loc": Object {
      "end": Object {
        "column": 4,
        "line": 6,
      },
      "start": Object {
        "column": 0,
        "line": 6,
      },
    },
    "raw": "name",
    "token_type": "String",
  },
  Object {
    "loc": Object {
      "end": Object {
        "column": 6,
        "line": 6,
      },
      "start": Object {
        "column": 5,
        "line": 6,
      },
    },
    "raw": "=",
    "token_type": "Equal",
  },
  Object {
    "loc": Object {
      "end": Object {
        "column": 27,
        "line": 6,
      },
      "start": Object {
        "column": 7,
        "line": 6,
      },
    },
    "raw": "\\"Tom Preston-Werner\\"",
    "token_type": "String",
  },
  Object {
    "loc": Object {
      "end": Object {
        "column": 3,
        "line": 7,
      },
      "start": Object {
        "column": 0,
        "line": 7,
      },
    },
    "raw": "dob",
    "token_type": "String",
  },
  Object {
    "loc": Object {
      "end": Object {
        "column": 5,
        "line": 7,
      },
      "start": Object {
        "column": 4,
        "line": 7,
      },
    },
    "raw": "=",
    "token_type": "Equal",
  },
  Object {
    "loc": Object {
      "end": Object {
        "column": 31,
        "line": 7,
      },
      "start": Object {
        "column": 6,
        "line": 7,
      },
    },
    "raw": "1979-05-27T07:32:00-08:00",
    "token_type": "String",
  },
  Object {
    "loc": Object {
      "end": Object {
        "column": 51,
        "line": 7,
      },
      "start": Object {
        "column": 32,
        "line": 7,
      },
    },
    "raw": "# First class dates",
    "token_type": "Comment",
  },
  Object {
    "loc": Object {
      "end": Object {
        "column": 1,
        "line": 9,
      },
      "start": Object {
        "column": 0,
        "line": 9,
      },
    },
    "raw": "[",
    "token_type": "Bracket",
  },
  Object {
    "loc": Object {
      "end": Object {
        "column": 9,
        "line": 9,
      },
      "start": Object {
        "column": 1,
        "line": 9,
      },
    },
    "raw": "database",
    "token_type": "String",
  },
  Object {
    "loc": Object {
      "end": Object {
        "column": 10,
        "line": 9,
      },
      "start": Object {
        "column": 9,
        "line": 9,
      },
    },
    "raw": "]",
    "token_type": "Bracket",
  },
  Object {
    "loc": Object {
      "end": Object {
        "column": 6,
        "line": 10,
      },
      "start": Object {
        "column": 0,
        "line": 10,
      },
    },
    "raw": "server",
    "token_type": "String",
  },
  Object {
    "loc": Object {
      "end": Object {
        "column": 8,
        "line": 10,
      },
      "start": Object {
        "column": 7,
        "line": 10,
      },
    },
    "raw": "=",
    "token_type": "Equal",
  },
  Object {
    "loc": Object {
      "end": Object {
        "column": 22,
        "line": 10,
      },
      "start": Object {
        "column": 9,
        "line": 10,
      },
    },
    "raw": "\\"192.168.1.1\\"",
    "token_type": "String",
  },
  Object {
    "loc": Object {
      "end": Object {
        "column": 5,
        "line": 11,
      },
      "start": Object {
        "column": 0,
        "line": 11,
      },
    },
    "raw": "ports",
    "token_type": "String",
  },
  Object {
    "loc": Object {
      "end": Object {
        "column": 7,
        "line": 11,
      },
      "start": Object {
        "column": 6,
        "line": 11,
      },
    },
    "raw": "=",
    "token_type": "Equal",
  },
  Object {
    "loc": Object {
      "end": Object {
        "column": 9,
        "line": 11,
      },
      "start": Object {
        "column": 8,
        "line": 11,
      },
    },
    "raw": "[",
    "token_type": "Bracket",
  },
  Object {
    "loc": Object {
      "end": Object {
        "column": 14,
        "line": 11,
      },
      "start": Object {
        "column": 10,
        "line": 11,
      },
    },
    "raw": "8001",
    "token_type": "String",
  },
  Object {
    "loc": Object {
      "end": Object {
        "column": 15,
        "line": 11,
      },
      "start": Object {
        "column": 14,
        "line": 11,
      },
    },
    "raw": ",",
    "token_type": "Comma",
  },
  Object {
    "loc": Object {
      "end": Object {
        "column": 20,
        "line": 11,
      },
      "start": Object {
        "column": 16,
        "line": 11,
      },
    },
    "raw": "8001",
    "token_type": "String",
  },
  Object {
    "loc": Object {
      "end": Object {
        "column": 21,
        "line": 11,
      },
      "start": Object {
        "column": 20,
        "line": 11,
      },
    },
    "raw": ",",
    "token_type": "Comma",
  },
  Object {
    "loc": Object {
      "end": Object {
        "column": 26,
        "line": 11,
      },
      "start": Object {
        "column": 22,
        "line": 11,
      },
    },
    "raw": "8002",
    "token_type": "String",
  },
  Object {
    "loc": Object {
      "end": Object {
        "column": 28,
        "line": 11,
      },
      "start": Object {
        "column": 27,
        "line": 11,
      },
    },
    "raw": "]",
    "token_type": "Bracket",
  },
  Object {
    "loc": Object {
      "end": Object {
        "column": 14,
        "line": 12,
      },
      "start": Object {
        "column": 0,
        "line": 12,
      },
    },
    "raw": "connection_max",
    "token_type": "String",
  },
  Object {
    "loc": Object {
      "end": Object {
        "column": 16,
        "line": 12,
      },
      "start": Object {
        "column": 15,
        "line": 12,
      },
    },
    "raw": "=",
    "token_type": "Equal",
  },
  Object {
    "loc": Object {
      "end": Object {
        "column": 21,
        "line": 12,
      },
      "start": Object {
        "column": 17,
        "line": 12,
      },
    },
    "raw": "5000",
    "token_type": "String",
  },
  Object {
    "loc": Object {
      "end": Object {
        "column": 7,
        "line": 13,
      },
      "start": Object {
        "column": 0,
        "line": 13,
      },
    },
    "raw": "enabled",
    "token_type": "String",
  },
  Object {
    "loc": Object {
      "end": Object {
        "column": 9,
        "line": 13,
      },
      "start": Object {
        "column": 8,
        "line": 13,
      },
    },
    "raw": "=",
    "token_type": "Equal",
  },
  Object {
    "loc": Object {
      "end": Object {
        "column": 14,
        "line": 13,
      },
      "start": Object {
        "column": 10,
        "line": 13,
      },
    },
    "raw": "true",
    "token_type": "String",
  },
  Object {
    "loc": Object {
      "end": Object {
        "column": 1,
        "line": 15,
      },
      "start": Object {
        "column": 0,
        "line": 15,
      },
    },
    "raw": "[",
    "token_type": "Bracket",
  },
  Object {
    "loc": Object {
      "end": Object {
        "column": 8,
        "line": 15,
      },
      "start": Object {
        "column": 1,
        "line": 15,
      },
    },
    "raw": "servers",
    "token_type": "String",
  },
  Object {
    "loc": Object {
      "end": Object {
        "column": 9,
        "line": 15,
      },
      "start": Object {
        "column": 8,
        "line": 15,
      },
    },
    "raw": "]",
    "token_type": "Bracket",
  },
  Object {
    "loc": Object {
      "end": Object {
        "column": 64,
        "line": 17,
      },
      "start": Object {
        "column": 2,
        "line": 17,
      },
    },
    "raw": "# Indentation (tabs and/or spaces) is allowed but not required",
    "token_type": "Comment",
  },
  Object {
    "loc": Object {
      "end": Object {
        "column": 3,
        "line": 18,
      },
      "start": Object {
        "column": 2,
        "line": 18,
      },
    },
    "raw": "[",
    "token_type": "Bracket",
  },
  Object {
    "loc": Object {
      "end": Object {
        "column": 16,
        "line": 18,
      },
      "start": Object {
        "column": 3,
        "line": 18,
      },
    },
    "raw": "servers.alpha",
    "token_type": "String",
  },
  Object {
    "loc": Object {
      "end": Object {
        "column": 17,
        "line": 18,
      },
      "start": Object {
        "column": 16,
        "line": 18,
      },
    },
    "raw": "]",
    "token_type": "Bracket",
  },
  Object {
    "loc": Object {
      "end": Object {
        "column": 4,
        "line": 19,
      },
      "start": Object {
        "column": 2,
        "line": 19,
      },
    },
    "raw": "ip",
    "token_type": "String",
  },
  Object {
    "loc": Object {
      "end": Object {
        "column": 6,
        "line": 19,
      },
      "start": Object {
        "column": 5,
        "line": 19,
      },
    },
    "raw": "=",
    "token_type": "Equal",
  },
  Object {
    "loc": Object {
      "end": Object {
        "column": 17,
        "line": 19,
      },
      "start": Object {
        "column": 7,
        "line": 19,
      },
    },
    "raw": "\\"10.0.0.1\\"",
    "token_type": "String",
  },
  Object {
    "loc": Object {
      "end": Object {
        "column": 4,
        "line": 20,
      },
      "start": Object {
        "column": 2,
        "line": 20,
      },
    },
    "raw": "dc",
    "token_type": "String",
  },
  Object {
    "loc": Object {
      "end": Object {
        "column": 6,
        "line": 20,
      },
      "start": Object {
        "column": 5,
        "line": 20,
      },
    },
    "raw": "=",
    "token_type": "Equal",
  },
  Object {
    "loc": Object {
      "end": Object {
        "column": 15,
        "line": 20,
      },
      "start": Object {
        "column": 7,
        "line": 20,
      },
    },
    "raw": "\\"eqdc10\\"",
    "token_type": "String",
  },
  Object {
    "loc": Object {
      "end": Object {
        "column": 3,
        "line": 22,
      },
      "start": Object {
        "column": 2,
        "line": 22,
      },
    },
    "raw": "[",
    "token_type": "Bracket",
  },
  Object {
    "loc": Object {
      "end": Object {
        "column": 15,
        "line": 22,
      },
      "start": Object {
        "column": 3,
        "line": 22,
      },
    },
    "raw": "servers.beta",
    "token_type": "String",
  },
  Object {
    "loc": Object {
      "end": Object {
        "column": 16,
        "line": 22,
      },
      "start": Object {
        "column": 15,
        "line": 22,
      },
    },
    "raw": "]",
    "token_type": "Bracket",
  },
  Object {
    "loc": Object {
      "end": Object {
        "column": 4,
        "line": 23,
      },
      "start": Object {
        "column": 2,
        "line": 23,
      },
    },
    "raw": "ip",
    "token_type": "String",
  },
  Object {
    "loc": Object {
      "end": Object {
        "column": 6,
        "line": 23,
      },
      "start": Object {
        "column": 5,
        "line": 23,
      },
    },
    "raw": "=",
    "token_type": "Equal",
  },
  Object {
    "loc": Object {
      "end": Object {
        "column": 17,
        "line": 23,
      },
      "start": Object {
        "column": 7,
        "line": 23,
      },
    },
    "raw": "\\"10.0.0.2\\"",
    "token_type": "String",
  },
  Object {
    "loc": Object {
      "end": Object {
        "column": 4,
        "line": 24,
      },
      "start": Object {
        "column": 2,
        "line": 24,
      },
    },
    "raw": "dc",
    "token_type": "String",
  },
  Object {
    "loc": Object {
      "end": Object {
        "column": 6,
        "line": 24,
      },
      "start": Object {
        "column": 5,
        "line": 24,
      },
    },
    "raw": "=",
    "token_type": "Equal",
  },
  Object {
    "loc": Object {
      "end": Object {
        "column": 15,
        "line": 24,
      },
      "start": Object {
        "column": 7,
        "line": 24,
      },
    },
    "raw": "\\"eqdc10\\"",
    "token_type": "String",
  },
  Object {
    "loc": Object {
      "end": Object {
        "column": 1,
        "line": 26,
      },
      "start": Object {
        "column": 0,
        "line": 26,
      },
    },
    "raw": "[",
    "token_type": "Bracket",
  },
  Object {
    "loc": Object {
      "end": Object {
        "column": 8,
        "line": 26,
      },
      "start": Object {
        "column": 1,
        "line": 26,
      },
    },
    "raw": "clients",
    "token_type": "String",
  },
  Object {
    "loc": Object {
      "end": Object {
        "column": 9,
        "line": 26,
      },
      "start": Object {
        "column": 8,
        "line": 26,
      },
    },
    "raw": "]",
    "token_type": "Bracket",
  },
  Object {
    "loc": Object {
      "end": Object {
        "column": 4,
        "line": 27,
      },
      "start": Object {
        "column": 0,
        "line": 27,
      },
    },
    "raw": "data",
    "token_type": "String",
  },
  Object {
    "loc": Object {
      "end": Object {
        "column": 6,
        "line": 27,
      },
      "start": Object {
        "column": 5,
        "line": 27,
      },
    },
    "raw": "=",
    "token_type": "Equal",
  },
  Object {
    "loc": Object {
      "end": Object {
        "column": 8,
        "line": 27,
      },
      "start": Object {
        "column": 7,
        "line": 27,
      },
    },
    "raw": "[",
    "token_type": "Bracket",
  },
  Object {
    "loc": Object {
      "end": Object {
        "column": 10,
        "line": 27,
      },
      "start": Object {
        "column": 9,
        "line": 27,
      },
    },
    "raw": "[",
    "token_type": "Bracket",
  },
  Object {
    "loc": Object {
      "end": Object {
        "column": 17,
        "line": 27,
      },
      "start": Object {
        "column": 10,
        "line": 27,
      },
    },
    "raw": "\\"gamma\\"",
    "token_type": "String",
  },
  Object {
    "loc": Object {
      "end": Object {
        "column": 18,
        "line": 27,
      },
      "start": Object {
        "column": 17,
        "line": 27,
      },
    },
    "raw": ",",
    "token_type": "Comma",
  },
  Object {
    "loc": Object {
      "end": Object {
        "column": 26,
        "line": 27,
      },
      "start": Object {
        "column": 19,
        "line": 27,
      },
    },
    "raw": "\\"delta\\"",
    "token_type": "String",
  },
  Object {
    "loc": Object {
      "end": Object {
        "column": 27,
        "line": 27,
      },
      "start": Object {
        "column": 26,
        "line": 27,
      },
    },
    "raw": "]",
    "token_type": "Bracket",
  },
  Object {
    "loc": Object {
      "end": Object {
        "column": 28,
        "line": 27,
      },
      "start": Object {
        "column": 27,
        "line": 27,
      },
    },
    "raw": ",",
    "token_type": "Comma",
  },
  Object {
    "loc": Object {
      "end": Object {
        "column": 30,
        "line": 27,
      },
      "start": Object {
        "column": 29,
        "line": 27,
      },
    },
    "raw": "[",
    "token_type": "Bracket",
  },
  Object {
    "loc": Object {
      "end": Object {
        "column": 31,
        "line": 27,
      },
      "start": Object {
        "column": 30,
        "line": 27,
      },
    },
    "raw": "1",
    "token_type": "String",
  },
  Object {
    "loc": Object {
      "end": Object {
        "column": 32,
        "line": 27,
      },
      "start": Object {
        "column": 31,
        "line": 27,
      },
    },
    "raw": ",",
    "token_type": "Comma",
  },
  Object {
    "loc": Object {
      "end": Object {
        "column": 34,
        "line": 27,
      },
      "start": Object {
        "column": 33,
        "line": 27,
      },
    },
    "raw": "2",
    "token_type": "String",
  },
  Object {
    "loc": Object {
      "end": Object {
        "column": 35,
        "line": 27,
      },
      "start": Object {
        "column": 34,
        "line": 27,
      },
    },
    "raw": "]",
    "token_type": "Bracket",
  },
  Object {
    "loc": Object {
      "end": Object {
        "column": 37,
        "line": 27,
      },
      "start": Object {
        "column": 36,
        "line": 27,
      },
    },
    "raw": "]",
    "token_type": "Bracket",
  },
  Object {
    "loc": Object {
      "end": Object {
        "column": 39,
        "line": 29,
      },
      "start": Object {
        "column": 0,
        "line": 29,
      },
    },
    "raw": "# Line breaks are OK when inside arrays",
    "token_type": "Comment",
  },
  Object {
    "loc": Object {
      "end": Object {
        "column": 5,
        "line": 30,
      },
      "start": Object {
        "column": 0,
        "line": 30,
      },
    },
    "raw": "hosts",
    "token_type": "String",
  },
  Object {
    "loc": Object {
      "end": Object {
        "column": 7,
        "line": 30,
      },
      "start": Object {
        "column": 6,
        "line": 30,
      },
    },
    "raw": "=",
    "token_type": "Equal",
  },
  Object {
    "loc": Object {
      "end": Object {
        "column": 9,
        "line": 30,
      },
      "start": Object {
        "column": 8,
        "line": 30,
      },
    },
    "raw": "[",
    "token_type": "Bracket",
  },
  Object {
    "loc": Object {
      "end": Object {
        "column": 9,
        "line": 31,
      },
      "start": Object {
        "column": 2,
        "line": 31,
      },
    },
    "raw": "\\"alpha\\"",
    "token_type": "String",
  },
  Object {
    "loc": Object {
      "end": Object {
        "column": 10,
        "line": 31,
      },
      "start": Object {
        "column": 9,
        "line": 31,
      },
    },
    "raw": ",",
    "token_type": "Comma",
  },
  Object {
    "loc": Object {
      "end": Object {
        "column": 9,
        "line": 32,
      },
      "start": Object {
        "column": 2,
        "line": 32,
      },
    },
    "raw": "\\"omega\\"",
    "token_type": "String",
  },
  Object {
    "loc": Object {
      "end": Object {
        "column": 1,
        "line": 33,
      },
      "start": Object {
        "column": 0,
        "line": 33,
      },
    },
    "raw": "]",
    "token_type": "Bracket",
  },
  Object {
    "loc": Object {
      "end": Object {
        "column": 9,
        "line": 35,
      },
      "start": Object {
        "column": 0,
        "line": 35,
      },
    },
    "raw": "a.'b'.\\"c\\"",
    "token_type": "String",
  },
  Object {
    "loc": Object {
      "end": Object {
        "column": 11,
        "line": 35,
      },
      "start": Object {
        "column": 10,
        "line": 35,
      },
    },
    "raw": "=",
    "token_type": "Equal",
  },
  Object {
    "loc": Object {
      "end": Object {
        "column": 15,
        "line": 35,
      },
      "start": Object {
        "column": 12,
        "line": 35,
      },
    },
    "raw": "\\"d\\"",
    "token_type": "String",
  },
  Object {
    "loc": Object {
      "end": Object {
        "column": 10,
        "line": 36,
      },
      "start": Object {
        "column": 0,
        "line": 36,
      },
    },
    "raw": "date_space",
    "token_type": "String",
  },
  Object {
    "loc": Object {
      "end": Object {
        "column": 12,
        "line": 36,
      },
      "start": Object {
        "column": 11,
        "line": 36,
      },
    },
    "raw": "=",
    "token_type": "Equal",
  },
  Object {
    "loc": Object {
      "end": Object {
        "column": 32,
        "line": 36,
      },
      "start": Object {
        "column": 13,
        "line": 36,
      },
    },
    "raw": "2018-01-01 08:00:00",
    "token_type": "String",
  },
]
`;

exports[`should tokenize multiline strings 1`] = `
Array [
  Object {
    "loc": Object {
      "end": Object {
        "column": 5,
        "line": 2,
      },
      "start": Object {
        "column": 4,
        "line": 2,
      },
    },
    "raw": "a",
    "token_type": "String",
  },
  Object {
    "loc": Object {
      "end": Object {
        "column": 7,
        "line": 2,
      },
      "start": Object {
        "column": 6,
        "line": 2,
      },
    },
    "raw": "=",
    "token_type": "Equal",
  },
  Object {
    "loc": Object {
      "end": Object {
        "column": 11,
        "line": 2,
      },
      "start": Object {
        "column": 8,
        "line": 2,
      },
    },
    "raw": "\\"b\\"",
    "token_type": "String",
  },
  Object {
    "loc": Object {
      "end": Object {
        "column": 5,
        "line": 3,
      },
      "start": Object {
        "column": 4,
        "line": 3,
      },
    },
    "raw": "c",
    "token_type": "String",
  },
  Object {
    "loc": Object {
      "end": Object {
        "column": 7,
        "line": 3,
      },
      "start": Object {
        "column": 6,
        "line": 3,
      },
    },
    "raw": "=",
    "token_type": "Equal",
  },
  Object {
    "loc": Object {
      "end": Object {
        "column": 11,
        "line": 3,
      },
      "start": Object {
        "column": 8,
        "line": 3,
      },
    },
    "raw": "'d'",
    "token_type": "String",
  },
  Object {
    "loc": Object {
      "end": Object {
        "column": 5,
        "line": 4,
      },
      "start": Object {
        "column": 4,
        "line": 4,
      },
    },
    "raw": "e",
    "token_type": "String",
  },
  Object {
    "loc": Object {
      "end": Object {
        "column": 7,
        "line": 4,
      },
      "start": Object {
        "column": 6,
        "line": 4,
      },
    },
    "raw": "=",
    "token_type": "Equal",
  },
  Object {
    "loc": Object {
      "end": Object {
        "column": 7,
        "line": 6,
      },
      "start": Object {
        "column": 8,
        "line": 4,
      },
    },
    "raw": "\\"\\"\\"
      f
    \\"\\"\\"",
    "token_type": "String",
  },
  Object {
    "loc": Object {
      "end": Object {
        "column": 5,
        "line": 7,
      },
      "start": Object {
        "column": 4,
        "line": 7,
      },
    },
    "raw": "g",
    "token_type": "String",
  },
  Object {
    "loc": Object {
      "end": Object {
        "column": 7,
        "line": 7,
      },
      "start": Object {
        "column": 6,
        "line": 7,
      },
    },
    "raw": "=",
    "token_type": "Equal",
  },
  Object {
    "loc": Object {
      "end": Object {
        "column": 7,
        "line": 9,
      },
      "start": Object {
        "column": 8,
        "line": 7,
      },
    },
    "raw": "'''
      h
    '''",
    "token_type": "String",
  },
  Object {
    "loc": Object {
      "end": Object {
        "column": 13,
        "line": 10,
      },
      "start": Object {
        "column": 4,
        "line": 10,
      },
    },
    "raw": "\\"i\\".'j'.k",
    "token_type": "String",
  },
  Object {
    "loc": Object {
      "end": Object {
        "column": 15,
        "line": 10,
      },
      "start": Object {
        "column": 14,
        "line": 10,
      },
    },
    "raw": "=",
    "token_type": "Equal",
  },
  Object {
    "loc": Object {
      "end": Object {
        "column": 19,
        "line": 10,
      },
      "start": Object {
        "column": 16,
        "line": 10,
      },
    },
    "raw": "\\"l\\"",
    "token_type": "String",
  },
]
`;

exports[`should tokenize simple input 1`] = `
Array [
  Object {
    "loc": Object {
      "end": Object {
        "column": 1,
        "line": 1,
      },
      "start": Object {
        "column": 0,
        "line": 1,
      },
    },
    "raw": "a",
    "token_type": "String",
  },
  Object {
    "loc": Object {
      "end": Object {
        "column": 3,
        "line": 1,
      },
      "start": Object {
        "column": 2,
        "line": 1,
      },
    },
    "raw": "=",
    "token_type": "Equal",
  },
  Object {
    "loc": Object {
      "end": Object {
        "column": 7,
        "line": 1,
      },
      "start": Object {
        "column": 4,
        "line": 1,
      },
    },
    "raw": "\\"b\\"",
    "token_type": "String",
  },
]
`;
